com\fiap\gs_swift_safety\controller\ComentarioController.class
com\fiap\gs_swift_safety\dto\SensorDTO.class
com\fiap\gs_swift_safety\controller\SensorController.class
com\fiap\gs_swift_safety\dto\EnderecoDTO.class
com\fiap\gs_swift_safety\controller\TipoDesastreController.class
com\fiap\gs_swift_safety\dto\TipoDesastreDTO.class
com\fiap\gs_swift_safety\dto\ConfirmaPostagemIdDTO.class
com\fiap\gs_swift_safety\model\ConfirmaPostagem.class
com\fiap\gs_swift_safety\model\TipoDesastre.class
com\fiap\gs_swift_safety\controller\BairroController.class
com\fiap\gs_swift_safety\repository\AlertaRepository.class
com\fiap\gs_swift_safety\service\ComentarioService.class
com\fiap\gs_swift_safety\model\ConfirmaPostagemId.class
com\fiap\gs_swift_safety\model\Endereco.class
com\fiap\gs_swift_safety\service\JwtService.class
com\fiap\gs_swift_safety\exception\ResourceNotFoundException.class
com\fiap\gs_swift_safety\config\CorsConfig.class
com\fiap\gs_swift_safety\dto\UsuarioDTO.class
com\fiap\gs_swift_safety\config\SecurityConfig.class
com\fiap\gs_swift_safety\dto\AlertaDTO.class
com\fiap\gs_swift_safety\model\Postagem.class
com\fiap\gs_swift_safety\controller\AuthController.class
com\fiap\gs_swift_safety\repository\UsuarioRepository.class
com\fiap\gs_swift_safety\model\Alerta.class
com\fiap\gs_swift_safety\model\Sensor.class
com\fiap\gs_swift_safety\filter\JwtAuthenticationFilter.class
com\fiap\gs_swift_safety\model\Usuario.class
com\fiap\gs_swift_safety\repository\ConfirmaPostagemRepository.class
com\fiap\gs_swift_safety\controller\ConfirmaPostagemController.class
com\fiap\gs_swift_safety\controller\EnderecoController.class
com\fiap\gs_swift_safety\config\CorsConfig$1.class
com\fiap\gs_swift_safety\repository\SensorRepository.class
com\fiap\gs_swift_safety\service\EnderecoService.class
com\fiap\gs_swift_safety\controller\AlertaController.class
com\fiap\gs_swift_safety\repository\PostagemRepository.class
com\fiap\gs_swift_safety\repository\BairroRepository.class
com\fiap\gs_swift_safety\security\UsuarioDetailsService.class
com\fiap\gs_swift_safety\repository\ComentarioRepository.class
com\fiap\gs_swift_safety\dto\LoginRequest.class
com\fiap\gs_swift_safety\controller\UsuarioController.class
com\fiap\gs_swift_safety\config\ApplicationConfig.class
com\fiap\gs_swift_safety\service\BairroService.class
com\fiap\gs_swift_safety\service\PostagemService.class
com\fiap\gs_swift_safety\exception\GlobalExceptionHandler.class
com\fiap\gs_swift_safety\repository\EnderecoRepository.class
com\fiap\gs_swift_safety\dto\ComentarioDTO.class
com\fiap\gs_swift_safety\dto\PostagemDTO.class
com\fiap\gs_swift_safety\service\ConfirmaPostagemService.class
com\fiap\gs_swift_safety\service\UsuarioService.class
com\fiap\gs_swift_safety\service\SensorService.class
com\fiap\gs_swift_safety\dto\BairroDTO.class
com\fiap\gs_swift_safety\dto\TokenResponse.class
com\fiap\gs_swift_safety\model\Comentario.class
com\fiap\gs_swift_safety\service\TipoDesastreService.class
com\fiap\gs_swift_safety\controller\PostagemController.class
com\fiap\gs_swift_safety\dto\ConfirmaPostagemDTO.class
com\fiap\gs_swift_safety\repository\TipoDesastreRepository.class
com\fiap\gs_swift_safety\service\AlertaService.class
com\fiap\gs_swift_safety\model\Bairro.class
com\fiap\gs_swift_safety\GsSwiftSafetyApplication.class
