C:\Users\giova\Downloads\gs-swift-safety 1\gs-swift-safety\gs-swift-safety\gs-swift-safety\src\main\java\com\fiap\gs_swift_safety\service\TipoDesastreService.java
C:\Users\giova\Downloads\gs-swift-safety 1\gs-swift-safety\gs-swift-safety\gs-swift-safety\src\main\java\com\fiap\gs_swift_safety\service\BairroService.java
C:\Users\giova\Downloads\gs-swift-safety 1\gs-swift-safety\gs-swift-safety\gs-swift-safety\src\main\java\com\fiap\gs_swift_safety\exception\GlobalExceptionHandler.java
C:\Users\giova\Downloads\gs-swift-safety 1\gs-swift-safety\gs-swift-safety\gs-swift-safety\src\main\java\com\fiap\gs_swift_safety\model\Endereco.java
C:\Users\giova\Downloads\gs-swift-safety 1\gs-swift-safety\gs-swift-safety\gs-swift-safety\src\main\java\com\fiap\gs_swift_safety\config\ApplicationConfig.java
C:\Users\giova\Downloads\gs-swift-safety 1\gs-swift-safety\gs-swift-safety\gs-swift-safety\src\main\java\com\fiap\gs_swift_safety\repository\ComentarioRepository.java
C:\Users\giova\Downloads\gs-swift-safety 1\gs-swift-safety\gs-swift-safety\gs-swift-safety\src\main\java\com\fiap\gs_swift_safety\model\ConfirmaPostagem.java
C:\Users\giova\Downloads\gs-swift-safety 1\gs-swift-safety\gs-swift-safety\gs-swift-safety\src\main\java\com\fiap\gs_swift_safety\service\EnderecoService.java
C:\Users\giova\Downloads\gs-swift-safety 1\gs-swift-safety\gs-swift-safety\gs-swift-safety\src\main\java\com\fiap\gs_swift_safety\model\Bairro.java
C:\Users\giova\Downloads\gs-swift-safety 1\gs-swift-safety\gs-swift-safety\gs-swift-safety\src\main\java\com\fiap\gs_swift_safety\model\Comentario.java
C:\Users\giova\Downloads\gs-swift-safety 1\gs-swift-safety\gs-swift-safety\gs-swift-safety\src\main\java\com\fiap\gs_swift_safety\repository\SensorRepository.java
C:\Users\giova\Downloads\gs-swift-safety 1\gs-swift-safety\gs-swift-safety\gs-swift-safety\src\main\java\com\fiap\gs_swift_safety\dto\TokenResponse.java
C:\Users\giova\Downloads\gs-swift-safety 1\gs-swift-safety\gs-swift-safety\gs-swift-safety\src\main\java\com\fiap\gs_swift_safety\service\UsuarioService.java
C:\Users\giova\Downloads\gs-swift-safety 1\gs-swift-safety\gs-swift-safety\gs-swift-safety\src\main\java\com\fiap\gs_swift_safety\repository\UsuarioRepository.java
C:\Users\giova\Downloads\gs-swift-safety 1\gs-swift-safety\gs-swift-safety\gs-swift-safety\src\main\java\com\fiap\gs_swift_safety\config\SecurityConfig.java
C:\Users\giova\Downloads\gs-swift-safety 1\gs-swift-safety\gs-swift-safety\gs-swift-safety\src\main\java\com\fiap\gs_swift_safety\controller\AuthController.java
C:\Users\giova\Downloads\gs-swift-safety 1\gs-swift-safety\gs-swift-safety\gs-swift-safety\src\main\java\com\fiap\gs_swift_safety\service\ComentarioService.java
C:\Users\giova\Downloads\gs-swift-safety 1\gs-swift-safety\gs-swift-safety\gs-swift-safety\src\main\java\com\fiap\gs_swift_safety\service\AlertaService.java
C:\Users\giova\Downloads\gs-swift-safety 1\gs-swift-safety\gs-swift-safety\gs-swift-safety\src\main\java\com\fiap\gs_swift_safety\security\UsuarioDetailsService.java
C:\Users\giova\Downloads\gs-swift-safety 1\gs-swift-safety\gs-swift-safety\gs-swift-safety\src\main\java\com\fiap\gs_swift_safety\controller\ConfirmaPostagemController.java
C:\Users\giova\Downloads\gs-swift-safety 1\gs-swift-safety\gs-swift-safety\gs-swift-safety\src\main\java\com\fiap\gs_swift_safety\service\ConfirmaPostagemService.java
C:\Users\giova\Downloads\gs-swift-safety 1\gs-swift-safety\gs-swift-safety\gs-swift-safety\src\main\java\com\fiap\gs_swift_safety\controller\AlertaController.java
C:\Users\giova\Downloads\gs-swift-safety 1\gs-swift-safety\gs-swift-safety\gs-swift-safety\src\main\java\com\fiap\gs_swift_safety\dto\ComentarioDTO.java
C:\Users\giova\Downloads\gs-swift-safety 1\gs-swift-safety\gs-swift-safety\gs-swift-safety\src\main\java\com\fiap\gs_swift_safety\dto\TipoDesastreDTO.java
C:\Users\giova\Downloads\gs-swift-safety 1\gs-swift-safety\gs-swift-safety\gs-swift-safety\src\main\java\com\fiap\gs_swift_safety\controller\UsuarioController.java
C:\Users\giova\Downloads\gs-swift-safety 1\gs-swift-safety\gs-swift-safety\gs-swift-safety\src\main\java\com\fiap\gs_swift_safety\service\JwtService.java
C:\Users\giova\Downloads\gs-swift-safety 1\gs-swift-safety\gs-swift-safety\gs-swift-safety\src\main\java\com\fiap\gs_swift_safety\exception\ResourceNotFoundException.java
C:\Users\giova\Downloads\gs-swift-safety 1\gs-swift-safety\gs-swift-safety\gs-swift-safety\src\main\java\com\fiap\gs_swift_safety\controller\BairroController.java
C:\Users\giova\Downloads\gs-swift-safety 1\gs-swift-safety\gs-swift-safety\gs-swift-safety\src\main\java\com\fiap\gs_swift_safety\controller\EnderecoController.java
C:\Users\giova\Downloads\gs-swift-safety 1\gs-swift-safety\gs-swift-safety\gs-swift-safety\src\main\java\com\fiap\gs_swift_safety\repository\EnderecoRepository.java
C:\Users\giova\Downloads\gs-swift-safety 1\gs-swift-safety\gs-swift-safety\gs-swift-safety\src\main\java\com\fiap\gs_swift_safety\repository\ConfirmaPostagemRepository.java
C:\Users\giova\Downloads\gs-swift-safety 1\gs-swift-safety\gs-swift-safety\gs-swift-safety\src\main\java\com\fiap\gs_swift_safety\controller\SensorController.java
C:\Users\giova\Downloads\gs-swift-safety 1\gs-swift-safety\gs-swift-safety\gs-swift-safety\src\main\java\com\fiap\gs_swift_safety\controller\TipoDesastreController.java
C:\Users\giova\Downloads\gs-swift-safety 1\gs-swift-safety\gs-swift-safety\gs-swift-safety\src\main\java\com\fiap\gs_swift_safety\model\Alerta.java
C:\Users\giova\Downloads\gs-swift-safety 1\gs-swift-safety\gs-swift-safety\gs-swift-safety\src\main\java\com\fiap\gs_swift_safety\model\TipoDesastre.java
C:\Users\giova\Downloads\gs-swift-safety 1\gs-swift-safety\gs-swift-safety\gs-swift-safety\src\main\java\com\fiap\gs_swift_safety\dto\LoginRequest.java
C:\Users\giova\Downloads\gs-swift-safety 1\gs-swift-safety\gs-swift-safety\gs-swift-safety\src\main\java\com\fiap\gs_swift_safety\repository\BairroRepository.java
C:\Users\giova\Downloads\gs-swift-safety 1\gs-swift-safety\gs-swift-safety\gs-swift-safety\src\main\java\com\fiap\gs_swift_safety\controller\ComentarioController.java
C:\Users\giova\Downloads\gs-swift-safety 1\gs-swift-safety\gs-swift-safety\gs-swift-safety\src\main\java\com\fiap\gs_swift_safety\dto\ConfirmaPostagemIdDTO.java
C:\Users\giova\Downloads\gs-swift-safety 1\gs-swift-safety\gs-swift-safety\gs-swift-safety\src\main\java\com\fiap\gs_swift_safety\dto\PostagemDTO.java
C:\Users\giova\Downloads\gs-swift-safety 1\gs-swift-safety\gs-swift-safety\gs-swift-safety\src\main\java\com\fiap\gs_swift_safety\model\Postagem.java
C:\Users\giova\Downloads\gs-swift-safety 1\gs-swift-safety\gs-swift-safety\gs-swift-safety\src\main\java\com\fiap\gs_swift_safety\dto\SensorDTO.java
C:\Users\giova\Downloads\gs-swift-safety 1\gs-swift-safety\gs-swift-safety\gs-swift-safety\src\main\java\com\fiap\gs_swift_safety\GsSwiftSafetyApplication.java
C:\Users\giova\Downloads\gs-swift-safety 1\gs-swift-safety\gs-swift-safety\gs-swift-safety\src\main\java\com\fiap\gs_swift_safety\model\Sensor.java
C:\Users\giova\Downloads\gs-swift-safety 1\gs-swift-safety\gs-swift-safety\gs-swift-safety\src\main\java\com\fiap\gs_swift_safety\controller\PostagemController.java
C:\Users\giova\Downloads\gs-swift-safety 1\gs-swift-safety\gs-swift-safety\gs-swift-safety\src\main\java\com\fiap\gs_swift_safety\repository\TipoDesastreRepository.java
C:\Users\giova\Downloads\gs-swift-safety 1\gs-swift-safety\gs-swift-safety\gs-swift-safety\src\main\java\com\fiap\gs_swift_safety\dto\AlertaDTO.java
C:\Users\giova\Downloads\gs-swift-safety 1\gs-swift-safety\gs-swift-safety\gs-swift-safety\src\main\java\com\fiap\gs_swift_safety\config\CorsConfig.java
C:\Users\giova\Downloads\gs-swift-safety 1\gs-swift-safety\gs-swift-safety\gs-swift-safety\src\main\java\com\fiap\gs_swift_safety\repository\PostagemRepository.java
C:\Users\giova\Downloads\gs-swift-safety 1\gs-swift-safety\gs-swift-safety\gs-swift-safety\src\main\java\com\fiap\gs_swift_safety\dto\BairroDTO.java
C:\Users\giova\Downloads\gs-swift-safety 1\gs-swift-safety\gs-swift-safety\gs-swift-safety\src\main\java\com\fiap\gs_swift_safety\model\Usuario.java
C:\Users\giova\Downloads\gs-swift-safety 1\gs-swift-safety\gs-swift-safety\gs-swift-safety\src\main\java\com\fiap\gs_swift_safety\filter\JwtAuthenticationFilter.java
C:\Users\giova\Downloads\gs-swift-safety 1\gs-swift-safety\gs-swift-safety\gs-swift-safety\src\main\java\com\fiap\gs_swift_safety\service\PostagemService.java
C:\Users\giova\Downloads\gs-swift-safety 1\gs-swift-safety\gs-swift-safety\gs-swift-safety\src\main\java\com\fiap\gs_swift_safety\dto\EnderecoDTO.java
C:\Users\giova\Downloads\gs-swift-safety 1\gs-swift-safety\gs-swift-safety\gs-swift-safety\src\main\java\com\fiap\gs_swift_safety\dto\UsuarioDTO.java
C:\Users\giova\Downloads\gs-swift-safety 1\gs-swift-safety\gs-swift-safety\gs-swift-safety\src\main\java\com\fiap\gs_swift_safety\model\ConfirmaPostagemId.java
C:\Users\giova\Downloads\gs-swift-safety 1\gs-swift-safety\gs-swift-safety\gs-swift-safety\src\main\java\com\fiap\gs_swift_safety\repository\AlertaRepository.java
C:\Users\giova\Downloads\gs-swift-safety 1\gs-swift-safety\gs-swift-safety\gs-swift-safety\src\main\java\com\fiap\gs_swift_safety\service\SensorService.java
C:\Users\giova\Downloads\gs-swift-safety 1\gs-swift-safety\gs-swift-safety\gs-swift-safety\src\main\java\com\fiap\gs_swift_safety\dto\ConfirmaPostagemDTO.java
